{"tool":"phpunit","result":"failed","tests":10,"passed":9,"assertions":35,"duration_ms":605,"failed":1,"failures":[{"test":"Tests\\Feature\\AdminSelfModificationTest::test_admin_can_view_permission_details","file":"C:\\Users\\Jhonl\\OneDrive\\Desktop\\DITC\\tests\\Feature\\AdminSelfModificationTest.php","line":191,"message":"Failed asserting that '<!DOCTYPE html>\\n\n<html lang=\"en\">\\n\n<head>\\n\n    <meta charset=\"UTF-8\">\\n\n    <meta name=\"viewport\" content=\"width=device-width, initial-scale=1.0\">\\n\n    <meta name=\"csrf-token\" content=\"WZy9rNnz8Oq95BqcUqoloCplu8e2bUhDpw9lyko8\">\\n\n    <title>Admin \u2014 Permission Details \u2014 HIMS DTCS</title>\\n\n\\n\n    \\n\n    <link rel=\"stylesheet\" href=\"https://cdn.jsdelivr.net/npm/bootstrap@5.3.3/dist/css/bootstrap.min.css\">\\n\n    \\n\n    <link rel=\"stylesheet\" href=\"https://cdn.jsdelivr.net/npm/bootstrap-icons@1.11.3/font/bootstrap-icons.min.css\">\\n\n    \\n\n    <link rel=\"stylesheet\" href=\"http://localhost/css/skeleton.css\">\\n\n    \\n\n    <link rel=\"preconnect\" href=\"https://fonts.googleapis.com\">\\n\n    <link rel=\"preconnect\" href=\"https://fonts.gstatic.com\" crossorigin>\\n\n    <link href=\"https://fonts.googleapis.com/css2?family=Space+Grotesk:wght@500;600;700&family=Inter:wght@400;500;600&family=IBM+Plex+Mono:wght@500;600&display=swap\" rel=\"stylesheet\">\\n\n\\n\n    <style>\\n\n        /* \u2550\u2550\u2550\u2550\u2550\u2550\u2550\u2550\u2550\u2550\u2550\u2550\u2550\u2550\u2550\u2550\u2550\u2550\u2550\u2550\u2550\u2550\u2550\u2550\u2550\u2550\u2550\u2550\u2550\u2550\u2550\u2550\u2550\u2550\u2550\u2550\u2550\u2550\\n\n           DESIGN TOKENS\\n\n        \u2550\u2550\u2550\u2550\u2550\u2550\u2550\u2550\u2550\u2550\u2550\u2550\u2550\u2550\u2550\u2550\u2550\u2550\u2550\u2550\u2550\u2550\u2550\u2550\u2550\u2550\u2550\u2550\u2550\u2550\u2550\u2550\u2550\u2550\u2550\u2550\u2550\u2550 */\\n\n        :root {\\n\n            --ink:          #0A1F1C;\\n\n            --ink-soft:     #13312B;\\n\n            --paper:        #F7F5F0;\\n\n            --card:         #FFFFFF;\\n\n            --line:         #E6E2D6;\\n\n            --text:         #132420;\\n\n            --text-soft:    #6E7C74;\\n\n            --signal:       #14C79A;\\n\n            --signal-dark:  #0C8F6F;\\n\n            --coral:        #E85C55;\\n\n            --amber:        #E0A030;\\n\n            --steel:        #4C7EA8;\\n\n\\n\n            --sidebar-width: 260px;\\n\n            --topbar-height: 60px;\\n\n            --font-display: 'Space Grotesk', sans-serif;\\n\n            --font-body:    'Inter', sans-serif;\\n\n            --font-mono:    'IBM Plex Mono', monospace;\\n\n        }\\n\n\\n\n        /* \u2550\u2550\u2550\u2550\u2550\u2550\u2550\u2550\u2550\u2550\u2550\u2550\u2550\u2550\u2550\u2550\u2550\u2550\u2550\u2550\u2550\u2550\u2550\u2550\u2550\u2550\u2550\u2550\u2550\u2550\u2550\u2550\u2550\u2550\u2550\u2550\u2550\u2550\\n\n           BASE\\n\n        \u2550\u2550\u2550\u2550\u2550\u2550\u2550\u2550\u2550\u2550\u2550\u2550\u2550\u2550\u2550\u2550\u2550\u2550\u2550\u2550\u2550\u2550\u2550\u2550\u2550\u2550\u2550\u2550\u2550\u2550\u2550\u2550\u2550\u2550\u2550\u2550\u2550\u2550 */\\n\n        *, *::before, *::after { box-sizing: border-box; }\\n\n        body {\\n\n            font-family: var(--font-body);\\n\n            background: var(--paper);\\n\n            color: var(--text);\\n\n            min-height: 100vh;\\n\n        }\\n\n\\n\n        /* \u2550\u2550\u2550\u2550\u2550\u2550\u2550\u2550\u2550\u2550\u2550\u2550\u2550\u2550\u2550\u2550\u2550\u2550\u2550\u2550\u2550\u2550\u2550\u2550\u2550\u2550\u2550\u2550\u2550\u2550\u2550\u2550\u2550\u2550\u2550\u2550\u2550\u2550\\n\n           SIDEBAR\\n\n        \u2550\u2550\u2550\u2550\u2550\u2550\u2550\u2550\u2550\u2550\u2550\u2550\u2550\u2550\u2550\u2550\u2550\u2550\u2550\u2550\u2550\u2550\u2550\u2550\u2550\u2550\u2550\u2550\u2550\u2550\u2550\u2550\u2550\u2550\u2550\u2550\u2550\u2550 */\\n\n        #sidebar {\\n\n            width: var(--sidebar-width);\\n\n            height: 100vh;\\n\n            background: var(--ink);\\n\n            position: fixed;\\n\n            top: 0; left: 0; z-index: 1040;\\n\n            display: flex;\\n\n            flex-direction: column;\\n\n            transition: transform .25s ease;\\n\n            overflow-y: auto;\\n\n            overflow-x: hidden;\\n\n            -webkit-overflow-scrolling: touch;\\n\n        }\\n\n\\n\n        /* Brand area */\\n\n        .sb-brand {\\n\n            padding: 1.1rem 1.25rem 1rem;\\n\n            border-bottom: 1px solid rgba(255,255,255,.07);\\n\n            flex-shrink: 0;\\n\n        }\\n\n        .sb-brand-inner {\\n\n            display: flex;\\n\n            align-items: center;\\n\n            gap: .75rem;\\n\n        }\\n\n        /* Pulse icon */\\n\n        .sb-pulse-icon {\\n\n            flex-shrink: 0;\\n\n            width: 34px;\\n\n            height: 34px;\\n\n        }\\n\n        .sb-brand-text h5 {\\n\n            font-family: var(--font-display);\\n\n            font-weight: 700;\\n\n            font-size: .95rem;\\n\n            color: #fff;\\n\n            margin: 0;\\n\n            line-height: 1.2;\\n\n        }\\n\n        .sb-brand-text small {\\n\n            font-family: var(--font-mono);\\n\n            font-weight: 500;\\n\n            font-size: .62rem;\\n\n            color: rgba(255,255,255,.45);\\n\n            letter-spacing: .04em;\\n\n        }\\n\n\\n\n        /* SYS.LIVE badge */\\n\n        .sys-live {\\n\n            display: flex;\\n\n            align-items: center;\\n\n            gap: .4rem;\\n\n            padding: .55rem 1.25rem .45rem;\\n\n            border-bottom: 1px solid rgba(255,255,255,.06);\\n\n        }\\n\n        .sys-live-dot {\\n\n            width: 7px; height: 7px;\\n\n            border-radius: 50%;\\n\n            background: var(--signal);\\n\n            flex-shrink: 0;\\n\n            animation: blink-dot 1.4s ease-in-out infinite;\\n\n        }\\n\n        @media (prefers-reduced-motion: reduce) {\\n\n            .sys-live-dot { animation: none; }\\n\n        }\\n\n        @keyframes blink-dot {\\n\n            0%, 100% { opacity: 1; }\\n\n            50%       { opacity: .25; }\\n\n        }\\n\n        .sys-live-label {\\n\n            font-family: var(--font-mono);\\n\n            font-weight: 600;\\n\n            font-size: .6rem;\\n\n            color: var(--signal);\\n\n            letter-spacing: .1em;\\n\n            text-transform: uppercase;\\n\n        }\\n\n\\n\n        /* Nav labels */\\n\n        .sb-nav-label {\\n\n            font-family: var(--font-mono);\\n\n            font-weight: 600;\\n\n            font-size: .6rem;\\n\n            color: rgba(255,255,255,.3);\\n\n            letter-spacing: .1em;\\n\n            text-transform: uppercase;\\n\n            padding: .8rem 1.25rem .2rem;\\n\n        }\\n\n\\n\n        /* Nav links */\\n\n        #sidebar .nav-link {\\n\n            font-family: var(--font-body);\\n\n            font-size: .84rem;\\n\n            font-weight: 400;\\n\n            color: rgba(255,255,255,.65);\\n\n            padding: .5rem 1.25rem;\\n\n            display: flex;\\n\n            align-items: center;\\n\n            gap: .65rem;\\n\n            border-left: 3px solid transparent;\\n\n            transition: background .15s, color .15s, border-color .15s;\\n\n            line-height: 1.4;\\n\n        }\\n\n        #sidebar .nav-link i {\\n\n            width: 18px;\\n\n            text-align: center;\\n\n            font-size: 1rem;\\n\n            opacity: .7;\\n\n        }\\n\n        #sidebar .nav-link:hover {\\n\n            background: rgba(255,255,255,.06);\\n\n            color: #fff;\\n\n            border-left-color: rgba(20,199,154,.4);\\n\n        }\\n\n        #sidebar .nav-link:hover i { opacity: 1; }\\n\n        #sidebar .nav-link.active {\\n\n            background: rgba(20,199,154,.1);\\n\n            color: #fff;\\n\n            border-left-color: var(--signal);\\n\n            font-weight: 600;\\n\n        }\\n\n        #sidebar .nav-link.active i { opacity: 1; }\\n\n\\n\n        /* Logout button override */\\n\n        #sidebar .nav-link-logout {\\n\n            background: none;\\n\n            border: none;\\n\n            width: 100%;\\n\n            text-align: left;\\n\n        }\\n\n\\n\n        /* \u2550\u2550\u2550\u2550\u2550\u2550\u2550\u2550\u2550\u2550\u2550\u2550\u2550\u2550\u2550\u2550\u2550\u2550\u2550\u2550\u2550\u2550\u2550\u2550\u2550\u2550\u2550\u2550\u2550\u2550\u2550\u2550\u2550\u2550\u2550\u2550\u2550\u2550\\n\n           TOPBAR\\n\n        \u2550\u2550\u2550\u2550\u2550\u2550\u2550\u2550\u2550\u2550\u2550\u2550\u2550\u2550\u2550\u2550\u2550\u2550\u2550\u2550\u2550\u2550\u2550\u2550\u2550\u2550\u2550\u2550\u2550\u2550\u2550\u2550\u2550\u2550\u2550\u2550\u2550\u2550 */\\n\n        #topbar {\\n\n            height: var(--topbar-height);\\n\n            background: var(--card);\\n\n            border-bottom: 1px solid var(--line);\\n\n            position: fixed;\\n\n            top: 0;\\n\n            left: var(--sidebar-width);\\n\n            right: 0;\\n\n            z-index: 1030;\\n\n            display: flex;\\n\n            align-items: center;\\n\n            padding: 0 1.25rem;\\n\n            gap: .75rem;\\n\n        }\\n\n\\n\n        /* Hamburger / toggle */\\n\n        .topbar-toggle {\\n\n            display: none;\\n\n            background: none;\\n\n            border: 1px solid var(--line);\\n\n            border-radius: .4rem;\\n\n            padding: .3rem .5rem;\\n\n            color: var(--text-soft);\\n\n            cursor: pointer;\\n\n        }\\n\n        .topbar-toggle:focus-visible {\\n\n            outline: 2px solid var(--signal);\\n\n            outline-offset: 2px;\\n\n        }\\n\n\\n\n        /* Search */\\n\n        .topbar-search {\\n\n            flex: 1;\\n\n            max-width: 340px;\\n\n        }\\n\n        .topbar-search input {\\n\n            border: 1px solid var(--line);\\n\n            border-radius: .5rem;\\n\n            background: var(--paper);\\n\n            color: var(--text);\\n\n            font-family: var(--font-body);\\n\n            font-size: .83rem;\\n\n            padding: .38rem .75rem .38rem 2.1rem;\\n\n            width: 100%;\\n\n            transition: border-color .15s, box-shadow .15s;\\n\n        }\\n\n        .topbar-search input::placeholder { color: var(--text-soft); }\\n\n        .topbar-search input:focus {\\n\n            outline: none;\\n\n            border-color: var(--signal);\\n\n            box-shadow: 0 0 0 3px rgba(20,199,154,.18);\\n\n        }\\n\n        .topbar-search-wrap {\\n\n            position: relative;\\n\n        }\\n\n        .topbar-search-wrap i {\\n\n            position: absolute;\\n\n            left: .65rem;\\n\n            top: 50%;\\n\n            transform: translateY(-50%);\\n\n            color: var(--text-soft);\\n\n            font-size: .82rem;\\n\n            pointer-events: none;\\n\n        }\\n\n\\n\n\\n\n        /* Live Clock */\\n\n        .topbar-clock {\\n\n            display: flex;\\n\n            align-items: center;\\n\n            gap: .5rem;\\n\n        }\\n\n        .topbar-clock-date {\\n\n            font-family: var(--font-body);\\n\n            font-size: .72rem;\\n\n            font-weight: 600;\\n\n            color: var(--text);\\n\n            line-height: 1.2;\\n\n        }\\n\n        .topbar-clock-time {\\n\n            font-family: var(--font-mono);\\n\n            font-size: .7rem;\\n\n            font-weight: 600;\\n\n            color: var(--signal-dark);\\n\n            letter-spacing: .04em;\\n\n            line-height: 1.2;\\n\n        }\\n\n\\n\n        /* Notifications */\\n\n        .topbar-notif {\\n\n            position: relative;\\n\n            background: none;\\n\n            border: 1px solid var(--line);\\n\n            border-radius: .4rem;\\n\n            width: 34px; height: 34px;\\n\n            display: flex; align-items: center; justify-content: center;\\n\n            color: var(--text-soft);\\n\n            cursor: pointer;\\n\n            transition: border-color .15s, color .15s;\\n\n        }\\n\n        .topbar-notif:hover { border-color: var(--signal); color: var(--signal); }\\n\n        .topbar-notif:focus-visible { outline: 2px solid var(--signal); outline-offset: 2px; }\\n\n        .notif-dot {\\n\n            position: absolute;\\n\n            top: 5px; right: 5px;\\n\n            width: 6px; height: 6px;\\n\n            border-radius: 50%;\\n\n            background: var(--coral);\\n\n        }\\n\n\\n\n        /* Page title */\\n\n        .topbar-title {\\n\n            font-family: var(--font-display);\\n\n            font-weight: 600;\\n\n            font-size: .95rem;\\n\n            color: var(--text);\\n\n        }\\n\n\\n\n        /* User chip */\\n\n        .topbar-user {\\n\n            display: flex;\\n\n            align-items: center;\\n\n            gap: .55rem;\\n\n            background: none;\\n\n            border: 1px solid var(--line);\\n\n            border-radius: 2rem;\\n\n            padding: .25rem .75rem .25rem .25rem;\\n\n            cursor: pointer;\\n\n            transition: border-color .15s;\\n\n        }\\n\n        .topbar-user:hover { border-color: var(--signal); }\\n\n        .topbar-user:focus-visible { outline: 2px solid var(--signal); outline-offset: 2px; }\\n\n        .topbar-avatar {\\n\n            width: 28px; height: 28px;\\n\n            border-radius: 50%;\\n\n            background: var(--signal);\\n\n            color: var(--ink);\\n\n            font-family: var(--font-display);\\n\n            font-weight: 700;\\n\n            font-size: .72rem;\\n\n            display: flex; align-items: center; justify-content: center;\\n\n            flex-shrink: 0;\\n\n        }\\n\n        .topbar-user-name {\\n\n            font-family: var(--font-body);\\n\n            font-size: .8rem;\\n\n            font-weight: 600;\\n\n            color: var(--text);\\n\n            line-height: 1;\\n\n        }\\n\n        .topbar-user-role {\\n\n            font-family: var(--font-mono);\\n\n            font-size: .6rem;\\n\n            font-weight: 500;\\n\n            color: var(--text-soft);\\n\n            line-height: 1;\\n\n            margin-top: 1px;\\n\n        }\\n\n\\n\n        /* \u2550\u2550\u2550\u2550\u2550\u2550\u2550\u2550\u2550\u2550\u2550\u2550\u2550\u2550\u2550\u2550\u2550\u2550\u2550\u2550\u2550\u2550\u2550\u2550\u2550\u2550\u2550\u2550\u2550\u2550\u2550\u2550\u2550\u2550\u2550\u2550\u2550\u2550\\n\n           PAGE TITLE BAR\\n\n        \u2550\u2550\u2550\u2550\u2550\u2550\u2550\u2550\u2550\u2550\u2550\u2550\u2550\u2550\u2550\u2550\u2550\u2550\u2550\u2550\u2550\u2550\u2550\u2550\u2550\u2550\u2550\u2550\u2550\u2550\u2550\u2550\u2550\u2550\u2550\u2550\u2550\u2550 */\\n\n        #page-titlebar {\\n\n            position: fixed;\\n\n            top: var(--topbar-height);\\n\n            left: var(--sidebar-width);\\n\n            right: 0;\\n\n            z-index: 1020;\\n\n            height: 54px;\\n\n            background: var(--paper);\\n\n            border-bottom: 1px solid var(--line);\\n\n            display: flex;\\n\n            flex-direction: column;\\n\n            align-items: flex-start;\\n\n            justify-content: center;\\n\n            padding: 0.4rem 1.25rem;\\n\n            gap: 2px;\\n\n        }\\n\n        #page-titlebar-text {\\n\n            font-family: var(--font-display);\\n\n            font-weight: 700;\\n\n            font-size: 1rem;\\n\n            color: var(--text);\\n\n            white-space: nowrap;\\n\n            line-height: 1.2;\\n\n        }\\n\n        #page-titlebar .breadcrumb {\\n\n            margin-bottom: 0;\\n\n        }\\n\n        #page-titlebar .breadcrumb-item,\\n\n        #page-titlebar .breadcrumb-item a {\\n\n            color: var(--text-soft) !important;\\n\n            font-size: 0.72rem;\\n\n            text-decoration: none;\\n\n            opacity: 0.85;\\n\n        }\\n\n        #page-titlebar .breadcrumb-item.active {\\n\n            opacity: 0.7;\\n\n        }\\n\n\\n\n        /* \u2550\u2550\u2550\u2550\u2550\u2550\u2550\u2550\u2550\u2550\u2550\u2550\u2550\u2550\u2550\u2550\u2550\u2550\u2550\u2550\u2550\u2550\u2550\u2550\u2550\u2550\u2550\u2550\u2550\u2550\u2550\u2550\u2550\u2550\u2550\u2550\u2550\u2550\\n\n           MAIN CONTENT\\n\n        \u2550\u2550\u2550\u2550\u2550\u2550\u2550\u2550\u2550\u2550\u2550\u2550\u2550\u2550\u2550\u2550\u2550\u2550\u2550\u2550\u2550\u2550\u2550\u2550\u2550\u2550\u2550\u2550\u2550\u2550\u2550\u2550\u2550\u2550\u2550\u2550\u2550\u2550 */\\n\n        #main-content {\\n\n            margin-left: var(--sidebar-width);\\n\n            padding-top: calc(var(--topbar-height) + 54px + 1.5rem);\\n\n            padding-bottom: 3rem;\\n\n            padding-left: 1.5rem;\\n\n            padding-right: 1.5rem;\\n\n            min-height: 100vh;\\n\n        }\\n\n\\n\n        /* \u2550\u2550\u2550\u2550\u2550\u2550\u2550\u2550\u2550\u2550\u2550\u2550\u2550\u2550\u2550\u2550\u2550\u2550\u2550\u2550\u2550\u2550\u2550\u2550\u2550\u2550\u2550\u2550\u2550\u2550\u2550\u2550\u2550\u2550\u2550\u2550\u2550\u2550\\n\n           STAT CARDS\\n\n        \u2550\u2550\u2550\u2550\u2550\u2550\u2550\u2550\u2550\u2550\u2550\u2550\u2550\u2550\u2550\u2550\u2550\u2550\u2550\u2550\u2550\u2550\u2550\u2550\u2550\u2550\u2550\u2550\u2550\u2550\u2550\u2550\u2550\u2550\u2550\u2550\u2550\u2550 */\\n\n        .stat-card {\\n\n            background: var(--card);\\n\n            border-radius: .75rem;\\n\n            border: 1px solid var(--line);\\n\n            border-left: 3px solid var(--signal);\\n\n            padding: 1.25rem 1.25rem 1rem;\\n\n            box-shadow: 0 1px 4px rgba(10,31,28,.06);\\n\n            overflow: hidden;\\n\n        }\\n\n        .stat-card.card-signal { border-left-color: var(--signal); }\\n\n        .stat-card.card-coral  { border-left-color: var(--coral);  }\\n\n        .stat-card.card-amber  { border-left-color: var(--amber);  }\\n\n        .stat-card.card-steel  { border-left-color: var(--steel);  }\\n\n\\n\n        .stat-card-top {\\n\n            display: flex;\\n\n            justify-content: space-between;\\n\n            align-items: flex-start;\\n\n            margin-bottom: .6rem;\\n\n        }\\n\n        .stat-value {\\n\n            font-family: var(--font-display);\\n\n            font-weight: 700;\\n\n            font-size: 2.1rem;\\n\n            color: var(--text);\\n\n            line-height: 1;\\n\n        }\\n\n        .stat-label {\\n\n            font-family: var(--font-body);\\n\n            font-size: .78rem;\\n\n            color: var(--text-soft);\\n\n            margin-top: .3rem;\\n\n        }\\n\n        .stat-icon-wrap {\\n\n            width: 40px; height: 40px;\\n\n            border-radius: .5rem;\\n\n            display: flex; align-items: center; justify-content: center;\\n\n            font-size: 1.15rem;\\n\n            flex-shrink: 0;\\n\n        }\\n\n        .stat-card.card-signal .stat-icon-wrap { background: rgba(20,199,154,.12); color: var(--signal-dark); }\\n\n        .stat-card.card-coral  .stat-icon-wrap { background: rgba(232,92,85,.12);  color: var(--coral); }\\n\n        .stat-card.card-amber  .stat-icon-wrap { background: rgba(224,160,48,.12); color: var(--amber); }\\n\n        .stat-card.card-steel  .stat-icon-wrap { background: rgba(76,126,168,.12); color: var(--steel); }\\n\n\\n\n        /* Sparkline SVG */\\n\n        .stat-sparkline {\\n\n            display: block;\\n\n            width: 100%;\\n\n            height: 28px;\\n\n            margin-top: .5rem;\\n\n        }\\n\n\\n\n        /* \u2550\u2550\u2550\u2550\u2550\u2550\u2550\u2550\u2550\u2550\u2550\u2550\u2550\u2550\u2550\u2550\u2550\u2550\u2550\u2550\u2550\u2550\u2550\u2550\u2550\u2550\u2550\u2550\u2550\u2550\u2550\u2550\u2550\u2550\u2550\u2550\u2550\u2550\\n\n           CARDS\\n\n        \u2550\u2550\u2550\u2550\u2550\u2550\u2550\u2550\u2550\u2550\u2550\u2550\u2550\u2550\u2550\u2550\u2550\u2550\u2550\u2550\u2550\u2550\u2550\u2550\u2550\u2550\u2550\u2550\u2550\u2550\u2550\u2550\u2550\u2550\u2550\u2550\u2550\u2550 */\\n\n        .card {\\n\n            background: var(--card);\\n\n            border: 1px solid var(--line);\\n\n            border-radius: .75rem;\\n\n            box-shadow: 0 1px 4px rgba(10,31,28,.05);\\n\n        }\\n\n        .card-header {\\n\n            background: transparent;\\n\n            border-bottom: 1px solid var(--line);\\n\n            font-family: var(--font-body);\\n\n            font-weight: 600;\\n\n            font-size: .88rem;\\n\n            color: var(--text);\\n\n            padding: .9rem 1.1rem;\\n\n        }\\n\n        .card-body { padding: 1rem 1.1rem; }\\n\n\\n\n        /* \u2550\u2550\u2550\u2550\u2550\u2550\u2550\u2550\u2550\u2550\u2550\u2550\u2550\u2550\u2550\u2550\u2550\u2550\u2550\u2550\u2550\u2550\u2550\u2550\u2550\u2550\u2550\u2550\u2550\u2550\u2550\u2550\u2550\u2550\u2550\u2550\u2550\u2550\\n\n           TABLES\\n\n        \u2550\u2550\u2550\u2550\u2550\u2550\u2550\u2550\u2550\u2550\u2550\u2550\u2550\u2550\u2550\u2550\u2550\u2550\u2550\u2550\u2550\u2550\u2550\u2550\u2550\u2550\u2550\u2550\u2550\u2550\u2550\u2550\u2550\u2550\u2550\u2550\u2550\u2550 */\\n\n        .table th {\\n\n            font-family: var(--font-mono);\\n\n            font-size: .68rem;\\n\n            font-weight: 600;\\n\n            text-transform: uppercase;\\n\n            letter-spacing: .07em;\\n\n            color: var(--text-soft);\\n\n            background: var(--paper);\\n\n            border-bottom: 1px solid var(--line);\\n\n            padding: .65rem 1rem;\\n\n        }\\n\n        .table td {\\n\n            font-family: var(--font-body);\\n\n            font-size: .85rem;\\n\n            vertical-align: middle;\\n\n            color: var(--text);\\n\n            border-bottom: 1px solid var(--line);\\n\n            padding: .65rem 1rem;\\n\n        }\\n\n        .table tbody tr:hover td { background: rgba(20,199,154,.04); }\\n\n        .table a { color: var(--signal-dark); text-decoration: none; font-weight: 500; }\\n\n        .table a:hover { text-decoration: underline; }\\n\n\\n\n        /* \u2550\u2550\u2550\u2550\u2550\u2550\u2550\u2550\u2550\u2550\u2550\u2550\u2550\u2550\u2550\u2550\u2550\u2550\u2550\u2550\u2550\u2550\u2550\u2550\u2550\u2550\u2550\u2550\u2550\u2550\u2550\u2550\u2550\u2550\u2550\u2550\u2550\u2550\\n\n           STATUS PILLS\\n\n        \u2550\u2550\u2550\u2550\u2550\u2550\u2550\u2550\u2550\u2550\u2550\u2550\u2550\u2550\u2550\u2550\u2550\u2550\u2550\u2550\u2550\u2550\u2550\u2550\u2550\u2550\u2550\u2550\u2550\u2550\u2550\u2550\u2550\u2550\u2550\u2550\u2550\u2550 */\\n\n        .pill {\\n\n            display: inline-flex;\\n\n            align-items: center;\\n\n            gap: .3rem;\\n\n            font-family: var(--font-mono);\\n\n            font-size: .65rem;\\n\n            font-weight: 600;\\n\n            letter-spacing: .05em;\\n\n            text-transform: uppercase;\\n\n            padding: .2rem .55rem;\\n\n            border-radius: 2rem;\\n\n            white-space: nowrap;\\n\n        }\\n\n        .pill-signal { background: rgba(20,199,154,.12);  color: var(--signal-dark); }\\n\n        .pill-coral  { background: rgba(232,92,85,.12);   color: var(--coral); }\\n\n        .pill-amber  { background: rgba(224,160,48,.12);  color: #a06800; }\\n\n        .pill-steel  { background: rgba(76,126,168,.12);  color: var(--steel); }\\n\n        .pill-muted  { background: rgba(110,124,116,.1);  color: var(--text-soft); }\\n\n\\n\n        /* \u2550\u2550\u2550\u2550\u2550\u2550\u2550\u2550\u2550\u2550\u2550\u2550\u2550\u2550\u2550\u2550\u2550\u2550\u2550\u2550\u2550\u2550\u2550\u2550\u2550\u2550\u2550\u2550\u2550\u2550\u2550\u2550\u2550\u2550\u2550\u2550\u2550\u2550\\n\n           BREADCRUMB\\n\n        \u2550\u2550\u2550\u2550\u2550\u2550\u2550\u2550\u2550\u2550\u2550\u2550\u2550\u2550\u2550\u2550\u2550\u2550\u2550\u2550\u2550\u2550\u2550\u2550\u2550\u2550\u2550\u2550\u2550\u2550\u2550\u2550\u2550\u2550\u2550\u2550\u2550\u2550 */\\n\n        .breadcrumb {\\n\n            background: transparent;\\n\n            padding: 0;\\n\n            font-size: .78rem;\\n\n            font-family: var(--font-body);\\n\n        }\\n\n        .breadcrumb-item { color: var(--text-soft); }\\n\n        .breadcrumb-item.active { color: var(--text); font-weight: 500; }\\n\n        .breadcrumb-item + .breadcrumb-item::before { color: var(--line); }\\n\n\\n\n        /* \u2550\u2550\u2550\u2550\u2550\u2550\u2550\u2550\u2550\u2550\u2550\u2550\u2550\u2550\u2550\u2550\u2550\u2550\u2550\u2550\u2550\u2550\u2550\u2550\u2550\u2550\u2550\u2550\u2550\u2550\u2550\u2550\u2550\u2550\u2550\u2550\u2550\u2550\\n\n           TOAST CONTAINER\\n\n         \u2550\u2550\u2550\u2550\u2550\u2550\u2550\u2550\u2550\u2550\u2550\u2550\u2550\u2550\u2550\u2550\u2550\u2550\u2550\u2550\u2550\u2550\u2550\u2550\u2550\u2550\u2550\u2550\u2550\u2550\u2550\u2550\u2550\u2550\u2550\u2550\u2550\u2550 */\\n\n        #toast-container {\\n\n            position: fixed;\\n\n            bottom: 2.5rem;\\n\n            left: 50%;\\n\n            transform: translateX(-50%);\\n\n            z-index: 1090;\\n\n            pointer-events: none;\\n\n            display: flex;\\n\n            flex-direction: column;\\n\n            align-items: center;\\n\n            gap: 0.5rem;\\n\n            width: auto;\\n\n            max-width: 90vw;\\n\n        }\\n\n        #toast-container .apple-toast {\\n\n            pointer-events: auto;\\n\n            width: max-content !important;\\n\n            min-width: 280px;\\n\n            max-width: 100% !important;\\n\n            border-radius: 50px !important;\\n\n            padding: 0.5rem 1.25rem;\\n\n            box-shadow: 0 8px 32px rgba(10, 31, 28, 0.15) !important;\\n\n            display: flex;\\n\n            align-items: center;\\n\n            justify-content: space-between;\\n\n            background: rgba(255, 255, 255, 0.4) !important;\\n\n            backdrop-filter: blur(12px) saturate(180%) !important;\\n\n            -webkit-backdrop-filter: blur(12px) saturate(180%) !important;\\n\n            \\n\n            /* CSS Transition for Smooth Entry & Exit */\\n\n            opacity: 0;\\n\n            transform: translateY(20px) scale(0.95);\\n\n            transition: opacity 0.3s cubic-bezier(0.16, 1, 0.3, 1), transform 0.3s cubic-bezier(0.16, 1, 0.3, 1) !important;\\n\n        }\\n\n        #toast-container .apple-toast.show {\\n\n            opacity: 1 !important;\\n\n            transform: translateY(0) scale(1) !important;\\n\n        }\\n\n        #toast-container .apple-toast .toast-body {\\n\n            font-family: var(--font-body);\\n\n            font-size: 0.85rem;\\n\n            font-weight: 500;\\n\n            display: flex;\\n\n            align-items: center;\\n\n            padding: 0 !important;\\n\n        }\\n\n        #toast-container .apple-toast .toast-body i {\\n\n            font-size: 1.15rem;\\n\n            margin-right: 0.75rem;\\n\n        }\\n\n\\n\n        /* Success Glass Theme */\\n\n        #toast-container .apple-toast.toast-success {\\n\n            border: 1px solid rgba(20, 199, 154, 0.35) !important;\\n\n        }\\n\n        #toast-container .apple-toast.toast-success .toast-body {\\n\n            color: #0C8F6F !important;\\n\n        }\\n\n        #toast-container .apple-toast.toast-success .btn-close {\\n\n            filter: invert(40%) sepia(80%) saturate(400%) hue-rotate(120deg) !important;\\n\n        }\\n\n\\n\n        /* Error Glass Theme */\\n\n        #toast-container .apple-toast.toast-error {\\n\n            border: 1px solid rgba(232, 92, 85, 0.35) !important;\\n\n        }\\n\n        #toast-container .apple-toast.toast-error .toast-body {\\n\n            color: #c0302a !important;\\n\n        }\\n\n        #toast-container .apple-toast.toast-error .btn-close {\\n\n            filter: invert(30%) sepia(80%) saturate(500%) hue-rotate(330deg) !important;\\n\n        }\\n\n\\n\n        /* Warning Glass Theme */\\n\n        #toast-container .apple-toast.toast-warning {\\n\n            border: 1px solid rgba(224, 160, 48, 0.35) !important;\\n\n        }\\n\n        #toast-container .apple-toast.toast-warning .toast-body {\\n\n            color: #a06800 !important;\\n\n        }\\n\n        #toast-container .apple-toast.toast-warning .btn-close {\\n\n            filter: invert(30%) sepia(80%) saturate(400%) hue-rotate(20deg) !important;\\n\n        }\\n\n\\n\n        #toast-container .btn-close {\\n\n            opacity: 0.6;\\n\n            margin: 0 0 0 1rem !important;\\n\n            padding: 0;\\n\n            width: 0.8em;\\n\n            height: 0.8em;\\n\n            background-color: transparent !important;\\n\n            border: 0;\\n\n        }\\n\n        #toast-container .btn-close:hover {\\n\n            opacity: 1;\\n\n        }\\n\n\\n\n\\n\n        /* \u2550\u2550\u2550\u2550\u2550\u2550\u2550\u2550\u2550\u2550\u2550\u2550\u2550\u2550\u2550\u2550\u2550\u2550\u2550\u2550\u2550\u2550\u2550\u2550\u2550\u2550\u2550\u2550\u2550\u2550\u2550\u2550\u2550\u2550\u2550\u2550\u2550\u2550\\n\n           FOCUS RINGS (global)\\n\n        \u2550\u2550\u2550\u2550\u2550\u2550\u2550\u2550\u2550\u2550\u2550\u2550\u2550\u2550\u2550\u2550\u2550\u2550\u2550\u2550\u2550\u2550\u2550\u2550\u2550\u2550\u2550\u2550\u2550\u2550\u2550\u2550\u2550\u2550\u2550\u2550\u2550\u2550 */\\n\n        :focus-visible {\\n\n            outline: 2px solid var(--signal);\\n\n            outline-offset: 2px;\\n\n        }\\n\n\\n\n        /* \u2550\u2550\u2550\u2550\u2550\u2550\u2550\u2550\u2550\u2550\u2550\u2550\u2550\u2550\u2550\u2550\u2550\u2550\u2550\u2550\u2550\u2550\u2550\u2550\u2550\u2550\u2550\u2550\u2550\u2550\u2550\u2550\u2550\u2550\u2550\u2550\u2550\u2550\\n\n           SIDEBAR OVERLAY (mobile)\\n\n        \u2550\u2550\u2550\u2550\u2550\u2550\u2550\u2550\u2550\u2550\u2550\u2550\u2550\u2550\u2550\u2550\u2550\u2550\u2550\u2550\u2550\u2550\u2550\u2550\u2550\u2550\u2550\u2550\u2550\u2550\u2550\u2550\u2550\u2550\u2550\u2550\u2550\u2550 */\\n\n        #sidebar-overlay {\\n\n            display: none;\\n\n            position: fixed;\\n\n            inset: 0;\\n\n            background: rgba(10,31,28,.55);\\n\n            z-index: 1039;\\n\n        }\\n\n        #sidebar-overlay.show { display: block; }\\n\n\\n\n        /* \u2550\u2550\u2550\u2550\u2550\u2550\u2550\u2550\u2550\u2550\u2550\u2550\u2550\u2550\u2550\u2550\u2550\u2550\u2550\u2550\u2550\u2550\u2550\u2550\u2550\u2550\u2550\u2550\u2550\u2550\u2550\u2550\u2550\u2550\u2550\u2550\u2550\u2550\\n\n           RESPONSIVE\\n\n        \u2550\u2550\u2550\u2550\u2550\u2550\u2550\u2550\u2550\u2550\u2550\u2550\u2550\u2550\u2550\u2550\u2550\u2550\u2550\u2550\u2550\u2550\u2550\u2550\u2550\u2550\u2550\u2550\u2550\u2550\u2550\u2550\u2550\u2550\u2550\u2550\u2550\u2550 */\\n\n        @media (max-width: 767px) {\\n\n            #sidebar {\\n\n                transform: translateX(-100%);\\n\n            }\\n\n            #sidebar.show {\\n\n                transform: translateX(0);\\n\n            }\\n\n            #topbar {\\n\n                left: 0;\\n\n            }\\n\n            #page-titlebar {\\n\n                left: 0;\\n\n            }\\n\n            #main-content {\\n\n                margin-left: 0;\\n\n            }\\n\n            .topbar-toggle {\\n\n                display: flex;\\n\n            }\\n\n            .topbar-search { max-width: 200px; }\\n\n            .topbar-title { display: none; }\\n\n        }\\n\n\\n\n        /* \u2550\u2550\u2550\u2550\u2550\u2550\u2550\u2550\u2550\u2550\u2550\u2550\u2550\u2550\u2550\u2550\u2550\u2550\u2550\u2550\u2550\u2550\u2550\u2550\u2550\u2550\u2550\u2550\u2550\u2550\u2550\u2550\u2550\u2550\u2550\u2550\u2550\u2550\\n\n           PRINT\\n\n        \u2550\u2550\u2550\u2550\u2550\u2550\u2550\u2550\u2550\u2550\u2550\u2550\u2550\u2550\u2550\u2550\u2550\u2550\u2550\u2550\u2550\u2550\u2550\u2550\u2550\u2550\u2550\u2550\u2550\u2550\u2550\u2550\u2550\u2550\u2550\u2550\u2550\u2550 */\\n\n        @media print {\\n\n            #sidebar, #topbar, #toast-container { display: none !important; }\\n\n            #main-content { margin: 0; padding: 0; }\\n\n        }\\n\n    </style>\\n\n\\n\n    </head>\\n\n<body>\\n\n\\n\n\\n\n<div id=\"sidebar-overlay\" onclick=\"closeSidebar()\"></div>\\n\n\\n\n\\n\n<nav id=\"sidebar\" aria-label=\"Main navigation\">\\n\n\\n\n    \\n\n    <div class=\"sb-brand\">\\n\n        <div class=\"sb-brand-inner\">\\n\n            \\n\n            <svg class=\"sb-pulse-icon\" viewBox=\"0 0 34 34\" fill=\"none\" xmlns=\"http://www.w3.org/2000/svg\" aria-hidden=\"true\">\\n\n                <rect width=\"34\" height=\"34\" rx=\"8\" fill=\"rgba(20,199,154,0.12)\"/>\\n\n                <polyline\\n\n                    points=\"3,17 8,17 10,11 12,23 15,8 17,26 19,14 21,20 23,17 31,17\"\\n\n                    fill=\"none\"\\n\n                    stroke=\"#14C79A\"\\n\n                    stroke-width=\"1.8\"\\n\n                    stroke-linecap=\"round\"\\n\n                    stroke-linejoin=\"round\"\\n\n                />\\n\n            </svg>\\n\n            <div class=\"sb-brand-text\">\\n\n                <h5>HIMS - DTCS</h5>\\n\n                <small>Diagnostic, Treatment & Clinical Services</small>\\n\n            </div>\\n\n        </div>\\n\n    </div>\\n\n\\n\n    \\n\n    <div style=\"flex:1; padding-top:.5rem;\">\\n\n        <a href=\"http://localhost/admin/dashboard\" class=\"nav-link \">\\n\n    <i class=\"bi bi-speedometer2\"></i> Dashboard\\n\n</a>\\n\n\\n\n<div class=\"sb-nav-label\" style=\"margin-top:.5rem;\">Modules</div>\\n\n\\n\n\\n\n<button class=\"nav-link sb-group-toggle \"\\n\n        data-bs-toggle=\"collapse\" data-bs-target=\"#grp-lab\"\\n\n        aria-expanded=\"false\" aria-controls=\"grp-lab\">\\n\n    <i class=\"bi bi-clipboard2-pulse\"></i>\\n\n    <span class=\"sb-group-label\">Laboratory <span class=\"sb-badge\">LIS</span></span>\\n\n    <i class=\"bi bi-chevron-down sb-chevron\"></i>\\n\n</button>\\n\n<div class=\"collapse \" id=\"grp-lab\">\\n\n    <div class=\"sb-group-body\">\\n\n        <a href=\"http://localhost/lab/dashboard\" class=\"nav-link sb-sub \">\\n\n            <i class=\"bi bi-grid-1x2\"></i> Overview\\n\n        </a>\\n\n        <a href=\"http://localhost/lab/requests\" class=\"nav-link sb-sub \">\\n\n            <i class=\"bi bi-list-task\"></i> Lab Requests\\n\n        </a>\\n\n        <a href=\"http://localhost/lab/results\" class=\"nav-link sb-sub \">\\n\n            <i class=\"bi bi-journal-medical\"></i> Lab Results\\n\n        </a>\\n\n    </div>\\n\n</div>\\n\n\\n\n\\n\n<button class=\"nav-link sb-group-toggle \"\\n\n        data-bs-toggle=\"collapse\" data-bs-target=\"#grp-rad\"\\n\n        aria-expanded=\"false\" aria-controls=\"grp-rad\">\\n\n    <i class=\"bi bi-activity\"></i>\\n\n    <span class=\"sb-group-label\">Radiology <span class=\"sb-badge\">RIS</span></span>\\n\n    <i class=\"bi bi-chevron-down sb-chevron\"></i>\\n\n</button>\\n\n<div class=\"collapse \" id=\"grp-rad\">\\n\n    <div class=\"sb-group-body\">\\n\n        <a href=\"http://localhost/radiology/dashboard\" class=\"nav-link sb-sub \">\\n\n            <i class=\"bi bi-grid-1x2\"></i> Overview\\n\n        </a>\\n\n        <a href=\"http://localhost/radiology/requests\" class=\"nav-link sb-sub \">\\n\n            <i class=\"bi bi-image\"></i> Imaging Requests\\n\n        </a>\\n\n        <a href=\"http://localhost/radiology/reports\" class=\"nav-link sb-sub \">\\n\n            <i class=\"bi bi-file-text\"></i> Reports\\n\n        </a>\\n\n    </div>\\n\n</div>\\n\n\\n\n\\n\n<button class=\"nav-link sb-group-toggle \"\\n\n        data-bs-toggle=\"collapse\" data-bs-target=\"#grp-pms\"\\n\n        aria-expanded=\"false\" aria-controls=\"grp-pms\">\\n\n    <i class=\"bi bi-capsule\"></i>\\n\n    <span class=\"sb-group-label\">Pharmacy <span class=\"sb-badge\">PMS</span></span>\\n\n    <i class=\"bi bi-chevron-down sb-chevron\"></i>\\n\n</button>\\n\n<div class=\"collapse \" id=\"grp-pms\">\\n\n    <div class=\"sb-group-body\">\\n\n        <a href=\"http://localhost/pharmacy/dashboard\" class=\"nav-link sb-sub \">\\n\n            <i class=\"bi bi-grid-1x2\"></i> Overview\\n\n        </a>\\n\n        <a href=\"http://localhost/pharmacy/prescriptions\" class=\"nav-link sb-sub \">\\n\n            <i class=\"bi bi-prescription2\"></i> Prescriptions\\n\n        </a>\\n\n        <a href=\"http://localhost/pharmacy/dispensing\" class=\"nav-link sb-sub \">\\n\n            <i class=\"bi bi-bag-plus\"></i> Dispensing\\n\n        </a>\\n\n    </div>\\n\n</div>\\n\n\\n\n\\n\n<button class=\"nav-link sb-group-toggle \"\\n\n        data-bs-toggle=\"collapse\" data-bs-target=\"#grp-sor\"\\n\n        aria-expanded=\"false\" aria-controls=\"grp-sor\">\\n\n    <i class=\"bi bi-heart-pulse\"></i>\\n\n    <span class=\"sb-group-label\">Surgery <span class=\"sb-badge\">SORS</span></span>\\n\n    <i class=\"bi bi-chevron-down sb-chevron\"></i>\\n\n</button>\\n\n<div class=\"collapse \" id=\"grp-sor\">\\n\n    <div class=\"sb-group-body\">\\n\n        <a href=\"http://localhost/surgery/dashboard\" class=\"nav-link sb-sub \">\\n\n            <i class=\"bi bi-grid-1x2\"></i> Overview\\n\n        </a>\\n\n        <a href=\"http://localhost/surgery/requests\" class=\"nav-link sb-sub \">\\n\n            <i class=\"bi bi-scissors\"></i> Surgery Requests\\n\n        </a>\\n\n        <a href=\"http://localhost/surgery/schedules\" class=\"nav-link sb-sub \">\\n\n            <i class=\"bi bi-calendar3\"></i> OR Schedules\\n\n        </a>\\n\n        <a href=\"http://localhost/surgery/calendar\" class=\"nav-link sb-sub \">\\n\n            <i class=\"bi bi-calendar-week\"></i> Surgery Calendar\\n\n        </a>\\n\n    </div>\\n\n</div>\\n\n\\n\n\\n\n<button class=\"nav-link sb-group-toggle \"\\n\n        data-bs-toggle=\"collapse\" data-bs-target=\"#grp-dnm\"\\n\n        aria-expanded=\"false\" aria-controls=\"grp-dnm\">\\n\n    <i class=\"bi bi-apple\"></i>\\n\n    <span class=\"sb-group-label\">Nutrition <span class=\"sb-badge\">DNMS</span></span>\\n\n    <i class=\"bi bi-chevron-down sb-chevron\"></i>\\n\n</button>\\n\n<div class=\"collapse \" id=\"grp-dnm\">\\n\n    <div class=\"sb-group-body\">\\n\n        <a href=\"http://localhost/diet/dashboard\" class=\"nav-link sb-sub \">\\n\n            <i class=\"bi bi-grid-1x2\"></i> Overview\\n\n        </a>\\n\n        <a href=\"http://localhost/diet/requests\" class=\"nav-link sb-sub \">\\n\n            <i class=\"bi bi-journal-bookmark\"></i> Diet Requests\\n\n        </a>\\n\n        <a href=\"http://localhost/diet/plans\" class=\"nav-link sb-sub \">\\n\n            <i class=\"bi bi-clipboard2-heart\"></i> Diet Plans\\n\n        </a>\\n\n    </div>\\n\n</div>\\n\n\\n\n\\n\n<div class=\"sb-nav-label\" style=\"margin-top:.5rem;\">Administration</div>\\n\n<a href=\"http://localhost/admin/users\" class=\"nav-link \">\\n\n    <i class=\"bi bi-person-badge\"></i> User Management\\n\n</a>\\n\n<a href=\"http://localhost/admin/roles\" class=\"nav-link active\">\\n\n    <i class=\"bi bi-key\"></i> Permission\\n\n</a>\\n\n\\n\n\\n\n \\n\n\\n\n\\n\n<div class=\"sb-nav-label\" style=\"margin-top:.5rem;\">Account</div>\\n\n<a href=\"http://localhost/profile\" class=\"nav-link \">\\n\n    <i class=\"bi bi-person-circle\"></i> Profile\\n\n</a>\\n\n<form method=\"POST\" action=\"http://localhost/logout\" class=\"d-block\">\\n\n    <input type=\"hidden\" name=\"_token\" value=\"WZy9rNnz8Oq95BqcUqoloCplu8e2bUhDpw9lyko8\" autocomplete=\"off\">    <button type=\"submit\" class=\"nav-link nav-link-logout\" style=\"color:rgba(232,92,85,.8);\">\\n\n        <i class=\"bi bi-box-arrow-right\"></i> Logout\\n\n    </button>\\n\n</form>\\n\n\\n\n<div style=\"height: 2rem;\"></div>\\n\n\\n\n\\n\n<style>\\n\n    /* \u2500\u2500 Group toggle button \u2500\u2500 */\\n\n    .sb-group-toggle {\\n\n        background: none;\\n\n        border: none;\\n\n        border-left: 3px solid transparent;\\n\n        display: flex;\\n\n        align-items: center;\\n\n        gap: .65rem;\\n\n        width: 100%;\\n\n        text-align: left;\\n\n        font-family: var(--font-body);\\n\n        font-size: .84rem;\\n\n        font-weight: 400;\\n\n        color: rgba(255,255,255,.65);\\n\n        padding: .5rem 1.25rem;\\n\n        cursor: pointer;\\n\n        transition: background .15s, color .15s, border-color .15s;\\n\n    }\\n\n    .sb-group-toggle:hover {\\n\n        background: rgba(255,255,255,.06);\\n\n        color: #fff;\\n\n        border-left-color: rgba(20,199,154,.4);\\n\n    }\\n\n    .sb-group-toggle.active {\\n\n        background: rgba(20,199,154,.08);\\n\n        color: #fff;\\n\n        border-left-color: var(--signal);\\n\n        font-weight: 600;\\n\n    }\\n\n    .sb-group-toggle:focus-visible {\\n\n        outline: 2px solid var(--signal);\\n\n        outline-offset: -2px;\\n\n    }\\n\n    .sb-group-toggle i:first-child {\\n\n        width: 18px;\\n\n        text-align: center;\\n\n        font-size: 1rem;\\n\n        opacity: .7;\\n\n        flex-shrink: 0;\\n\n    }\\n\n    .sb-group-toggle.active i:first-child { opacity: 1; }\\n\n\\n\n    /* Label text + module badge */\\n\n    .sb-group-label {\\n\n        flex: 1;\\n\n        display: flex;\\n\n        align-items: center;\\n\n        gap: .4rem;\\n\n    }\\n\n    .sb-badge {\\n\n        font-family: var(--font-mono);\\n\n        font-size: .54rem;\\n\n        font-weight: 600;\\n\n        letter-spacing: .07em;\\n\n        background: rgba(20,199,154,.15);\\n\n        color: var(--signal);\\n\n        border-radius: .25rem;\\n\n        padding: .06rem .28rem;\\n\n        line-height: 1.5;\\n\n    }\\n\n    .sb-group-toggle.active .sb-badge {\\n\n        background: rgba(20,199,154,.25);\\n\n    }\\n\n\\n\n    /* Rotating chevron */\\n\n    .sb-chevron {\\n\n        font-size: .6rem;\\n\n        color: rgba(255,255,255,.3);\\n\n        flex-shrink: 0;\\n\n        transition: transform .2s ease, color .15s;\\n\n    }\\n\n    .sb-group-toggle[aria-expanded=\"true\"] .sb-chevron {\\n\n        transform: rotate(-180deg);\\n\n        color: var(--signal);\\n\n    }\\n\n    @media (prefers-reduced-motion: reduce) {\\n\n        .sb-chevron { transition: none; }\\n\n    }\\n\n\\n\n    /* Sub-items */\\n\n    .sb-group-body {\\n\n        border-left: 1px solid rgba(255,255,255,.07);\\n\n        margin-left: 2rem;\\n\n    }\\n\n    .nav-link.sb-sub {\\n\n        font-size: .81rem;\\n\n        padding: .38rem .85rem;\\n\n        color: rgba(255,255,255,.52);\\n\n        border-left: 2px solid transparent;\\n\n    }\\n\n    .nav-link.sb-sub i {\\n\n        font-size: .82rem;\\n\n        opacity: .55;\\n\n    }\\n\n    .nav-link.sb-sub:hover {\\n\n        background: rgba(255,255,255,.05);\\n\n        color: rgba(255,255,255,.9);\\n\n        border-left-color: rgba(20,199,154,.4);\\n\n    }\\n\n    .nav-link.sb-sub:hover i { opacity: .9; }\\n\n    .nav-link.sb-sub.active {\\n\n        background: rgba(20,199,154,.1);\\n\n        color: #fff;\\n\n        border-left-color: var(--signal);\\n\n        font-weight: 600;\\n\n    }\\n\n    .nav-link.sb-sub.active i { opacity: 1; }\\n\n</style>\\n\n    </div>\\n\n\\n\n</nav>\\n\n\\n\n\\n\n<header id=\"topbar\">\\n\n\\n\n    \\n\n    <button class=\"topbar-toggle\" id=\"sidebarToggle\" aria-label=\"Toggle navigation\" aria-expanded=\"false\" aria-controls=\"sidebar\">\\n\n        <i class=\"bi bi-list\" style=\"font-size:1.1rem;\"></i>\\n\n    </button>\\n\n\\n\n    \\n\n    <div class=\"topbar-search d-none d-sm-block\">\\n\n        <div class=\"topbar-search-wrap\">\\n\n            <i class=\"bi bi-search\"></i>\\n\n            <input type=\"search\" placeholder=\"Search patients, records\u2026\" aria-label=\"Search\">\\n\n        </div>\\n\n    </div>\\n\n\\n\n\\n\n    \\n\n    <div class=\"flex-fill\"></div>\\n\n\\n\n    \\n\n    <div class=\"topbar-clock d-none d-sm-flex\" aria-label=\"Current date and time\" aria-live=\"off\">\\n\n        <div>\\n\n            <div class=\"topbar-clock-date\" id=\"topbar-date\"></div>\\n\n            <div class=\"topbar-clock-time\" id=\"topbar-time\"></div>\\n\n        </div>\\n\n    </div>\\n\n\\n\n    \\n\n    <button class=\"topbar-notif ms-2\" aria-label=\"Notifications\">\\n\n        <i class=\"bi bi-bell\" style=\"font-size:.9rem;\"></i>\\n\n        <span class=\"notif-dot\" aria-hidden=\"true\"></span>\\n\n    </button>\\n\n\\n\n    \\n\n    <div class=\"dropdown ms-2\">\\n\n        <button class=\"topbar-user\" data-bs-toggle=\"dropdown\" aria-expanded=\"false\" id=\"userMenuBtn\" aria-label=\"User menu\">\\n\n            <div class=\"topbar-avatar\">\\n\n                M\\n\n            </div>\\n\n            <div class=\"d-none d-md-block text-start\">\\n\n                <div class=\"topbar-user-name\">Ms. Ayla Miller Sr.</div>\\n\n                <div class=\"topbar-user-role\">System Administrator</div>\\n\n            </div>\\n\n            <i class=\"bi bi-chevron-down d-none d-md-inline\" style=\"font-size:.6rem;color:var(--text-soft);margin-left:.15rem;\"></i>\\n\n        </button>\\n\n        <ul class=\"dropdown-menu dropdown-menu-end shadow-sm border mt-1\" style=\"min-width:200px;border-color:var(--line)!important;\">\\n\n            <li><a class=\"dropdown-item\" href=\"http://localhost/profile\"><i class=\"bi bi-person me-2\" style=\"color:var(--signal-dark);\"></i>My Profile</a></li>\\n\n            <li><hr class=\"dropdown-divider\" style=\"border-color:var(--line);\"></li>\\n\n            <li>\\n\n                <form method=\"POST\" action=\"http://localhost/logout\">\\n\n                    <input type=\"hidden\" name=\"_token\" value=\"WZy9rNnz8Oq95BqcUqoloCplu8e2bUhDpw9lyko8\" autocomplete=\"off\">                    <button type=\"submit\" class=\"dropdown-item text-danger\">\\n\n                        <i class=\"bi bi-box-arrow-right me-2\"></i>Logout\\n\n                    </button>\\n\n                </form>\\n\n            </li>\\n\n        </ul>\\n\n    </div>\\n\n</header>\\n\n\\n\n\\n\n<div id=\"page-titlebar\">\\n\n    <nav aria-label=\"breadcrumb\">\\n\n        <ol class=\"breadcrumb\">\\n\n                                                                                                                    <li class=\"breadcrumb-item opacity-75\">Administration</li>\\n\n                                                                                                                                    <li class=\"breadcrumb-item\"><a href=\"http://localhost/admin/roles\">Permission</a></li>\\n\n                                                                                                        <li class=\"breadcrumb-item active\" aria-current=\"page\">Details</li>\\n\n                                                        </ol>\\n\n    </nav>\\n\n    <div id=\"page-titlebar-text\">Permission Details</div>\\n\n</div>\\n\n\\n\n\\n\n<div id=\"toast-container\">\\n\n    </div>\\n\n\\n\n\\n\n<div id=\"page-intro-skeleton\" class=\"container-fluid\" style=\"margin-left: var(--sidebar-width); padding-top: calc(var(--topbar-height) + 54px + 1.5rem); padding-left: 1.5rem; padding-right: 1.5rem;\">\\n\n            \\n\n                    <div role=\"status\" aria-label=\"Loading dashboard\" aria-busy=\"true\">\\n\n\\n\n    \\n\n    <div class=\"d-flex justify-content-between align-items-center mb-4\">\\n\n        <div>\\n\n            <div class=\"sk sk-2xl sk-w-100 mb-2\" style=\"width:200px;border-radius:6px;\"></div>\\n\n            <div class=\"sk sk-sm\" style=\"width:280px;border-radius:6px;\"></div>\\n\n        </div>\\n\n        <div class=\"sk sk-xl sk-rounded sk-hide-mobile\" style=\"width:130px;\"></div>\\n\n    </div>\\n\n\\n\n    \\n\n    <div class=\"row g-3 mb-4\">\\n\n                <div class=\"col-6 col-md-3\">\\n\n            <div class=\"skeleton-stat-card\" style=\"border-left-color: #14C79A;\"\\n\n     role=\"status\" aria-label=\"Loading statistic\" aria-busy=\"true\">\\n\n    <div class=\"sk-stat-top\">\\n\n        <div style=\"flex:1;\">\\n\n            \\n\n            <div class=\"sk sk-3xl sk-w-25 mb-2\"></div>\\n\n            \\n\n            <div class=\"sk sk-sm sk-w-50\"></div>\\n\n        </div>\\n\n        \\n\n        <div class=\"sk sk-icon-lg\" style=\"flex-shrink:0;\"></div>\\n\n    </div>\\n\n    \\n\n    <div class=\"sk sk-sparkline\"></div>\\n\n</div>\\n\n        </div>\\n\n                <div class=\"col-6 col-md-3\">\\n\n            <div class=\"skeleton-stat-card\" style=\"border-left-color: #4C7EA8;\"\\n\n     role=\"status\" aria-label=\"Loading statistic\" aria-busy=\"true\">\\n\n    <div class=\"sk-stat-top\">\\n\n        <div style=\"flex:1;\">\\n\n            \\n\n            <div class=\"sk sk-3xl sk-w-25 mb-2\"></div>\\n\n            \\n\n            <div class=\"sk sk-sm sk-w-50\"></div>\\n\n        </div>\\n\n        \\n\n        <div class=\"sk sk-icon-lg\" style=\"flex-shrink:0;\"></div>\\n\n    </div>\\n\n    \\n\n    <div class=\"sk sk-sparkline\"></div>\\n\n</div>\\n\n        </div>\\n\n                <div class=\"col-6 col-md-3\">\\n\n            <div class=\"skeleton-stat-card\" style=\"border-left-color: #E0A030;\"\\n\n     role=\"status\" aria-label=\"Loading statistic\" aria-busy=\"true\">\\n\n    <div class=\"sk-stat-top\">\\n\n        <div style=\"flex:1;\">\\n\n            \\n\n            <div class=\"sk sk-3xl sk-w-25 mb-2\"></div>\\n\n            \\n\n            <div class=\"sk sk-sm sk-w-50\"></div>\\n\n        </div>\\n\n        \\n\n        <div class=\"sk sk-icon-lg\" style=\"flex-shrink:0;\"></div>\\n\n    </div>\\n\n    \\n\n    <div class=\"sk sk-sparkline\"></div>\\n\n</div>\\n\n        </div>\\n\n                <div class=\"col-6 col-md-3\">\\n\n            <div class=\"skeleton-stat-card\" style=\"border-left-color: #E85C55;\"\\n\n     role=\"status\" aria-label=\"Loading statistic\" aria-busy=\"true\">\\n\n    <div class=\"sk-stat-top\">\\n\n        <div style=\"flex:1;\">\\n\n            \\n\n            <div class=\"sk sk-3xl sk-w-25 mb-2\"></div>\\n\n            \\n\n            <div class=\"sk sk-sm sk-w-50\"></div>\\n\n        </div>\\n\n        \\n\n        <div class=\"sk sk-icon-lg\" style=\"flex-shrink:0;\"></div>\\n\n    </div>\\n\n    \\n\n    <div class=\"sk sk-sparkline\"></div>\\n\n</div>\\n\n        </div>\\n\n            </div>\\n\n\\n\n    \\n\n    <div class=\"row g-3\">\\n\n                <div class=\"col-md-6\">\\n\n            <div role=\"status\" aria-label=\"Loading table data\" aria-busy=\"true\">\\n\n\\n\n    \\n\n        <div class=\"d-flex gap-2 mb-3 align-items-center\">\\n\n        <div class=\"sk sk-lg\" style=\"width:220px;border-radius:8px;\"></div>\\n\n        <div class=\"sk sk-lg\" style=\"width:100px;border-radius:8px;margin-left:auto;\"></div>\\n\n        <div class=\"sk sk-lg\" style=\"width:80px;border-radius:8px;\"></div>\\n\n    </div>\\n\n    \\n\n    <div class=\"skeleton-card p-0 overflow-hidden\">\\n\n        \\n\n        <div class=\"skeleton-table-header\">\\n\n                                            <div class=\"sk sk-xs sk-pill\" style=\"width:60px;\"></div>\\n\n                                            <div class=\"sk sk-xs sk-pill\" style=\"width:90px;\"></div>\\n\n                                            <div class=\"sk sk-xs sk-pill\" style=\"width:80px;\"></div>\\n\n                                            <div class=\"sk sk-xs sk-pill\" style=\"width:55px;\"></div>\\n\n                    </div>\\n\n\\n\n        \\n\n                <div class=\"skeleton-table-row\">\\n\n                                            <div class=\"sk sk-md sk-w-50\" style=\"flex:1;\"></div>\\n\n                                            <div class=\"sk sk-md sk-w-75\" style=\"flex:1;\"></div>\\n\n                                            <div class=\"sk sk-md sk-w-66\" style=\"flex:1;\"></div>\\n\n                                            <div class=\"sk sk-md sk-w-25\" style=\"flex:1;\"></div>\\n\n                    </div>\\n\n                <div class=\"skeleton-table-row\">\\n\n                                            <div class=\"sk sk-md sk-w-50\" style=\"flex:1;\"></div>\\n\n                                            <div class=\"sk sk-md sk-w-75\" style=\"flex:1;\"></div>\\n\n                                            <div class=\"sk sk-md sk-w-66\" style=\"flex:1;\"></div>\\n\n                                            <div class=\"sk sk-md sk-w-25\" style=\"flex:1;\"></div>\\n\n                    </div>\\n\n                <div class=\"skeleton-table-row\">\\n\n                                            <div class=\"sk sk-md sk-w-50\" style=\"flex:1;\"></div>\\n\n                                            <div class=\"sk sk-md sk-w-75\" style=\"flex:1;\"></div>\\n\n                                            <div class=\"sk sk-md sk-w-66\" style=\"flex:1;\"></div>\\n\n                                            <div class=\"sk sk-md sk-w-25\" style=\"flex:1;\"></div>\\n\n                    </div>\\n\n                <div class=\"skeleton-table-row\">\\n\n                                            <div class=\"sk sk-md sk-w-50\" style=\"flex:1;\"></div>\\n\n                                            <div class=\"sk sk-md sk-w-75\" style=\"flex:1;\"></div>\\n\n                                            <div class=\"sk sk-md sk-w-66\" style=\"flex:1;\"></div>\\n\n                                            <div class=\"sk sk-md sk-w-25\" style=\"flex:1;\"></div>\\n\n                    </div>\\n\n                <div class=\"skeleton-table-row\">\\n\n                                            <div class=\"sk sk-md sk-w-50\" style=\"flex:1;\"></div>\\n\n                                            <div class=\"sk sk-md sk-w-75\" style=\"flex:1;\"></div>\\n\n                                            <div class=\"sk sk-md sk-w-66\" style=\"flex:1;\"></div>\\n\n                                            <div class=\"sk sk-md sk-w-25\" style=\"flex:1;\"></div>\\n\n                    </div>\\n\n            </div>\\n\n\\n\n    \\n\n    \\n\n</div>\\n\n        </div>\\n\n        <div class=\"col-md-6\">\\n\n            <div role=\"status\" aria-label=\"Loading table data\" aria-busy=\"true\">\\n\n\\n\n    \\n\n        <div class=\"d-flex gap-2 mb-3 align-items-center\">\\n\n        <div class=\"sk sk-lg\" style=\"width:220px;border-radius:8px;\"></div>\\n\n        <div class=\"sk sk-lg\" style=\"width:100px;border-radius:8px;margin-left:auto;\"></div>\\n\n        <div class=\"sk sk-lg\" style=\"width:80px;border-radius:8px;\"></div>\\n\n    </div>\\n\n    \\n\n    <div class=\"skeleton-card p-0 overflow-hidden\">\\n\n        \\n\n        <div class=\"skeleton-table-header\">\\n\n                                            <div class=\"sk sk-xs sk-pill\" style=\"width:60px;\"></div>\\n\n                                            <div class=\"sk sk-xs sk-pill\" style=\"width:90px;\"></div>\\n\n                                            <div class=\"sk sk-xs sk-pill\" style=\"width:80px;\"></div>\\n\n                                            <div class=\"sk sk-xs sk-pill\" style=\"width:55px;\"></div>\\n\n                    </div>\\n\n\\n\n        \\n\n                <div class=\"skeleton-table-row\">\\n\n                                            <div class=\"sk sk-md sk-w-50\" style=\"flex:1;\"></div>\\n\n                                            <div class=\"sk sk-md sk-w-75\" style=\"flex:1;\"></div>\\n\n                                            <div class=\"sk sk-md sk-w-66\" style=\"flex:1;\"></div>\\n\n                                            <div class=\"sk sk-md sk-w-25\" style=\"flex:1;\"></div>\\n\n                    </div>\\n\n                <div class=\"skeleton-table-row\">\\n\n                                            <div class=\"sk sk-md sk-w-50\" style=\"flex:1;\"></div>\\n\n                                            <div class=\"sk sk-md sk-w-75\" style=\"flex:1;\"></div>\\n\n                                            <div class=\"sk sk-md sk-w-66\" style=\"flex:1;\"></div>\\n\n                                            <div class=\"sk sk-md sk-w-25\" style=\"flex:1;\"></div>\\n\n                    </div>\\n\n                <div class=\"skeleton-table-row\">\\n\n                                            <div class=\"sk sk-md sk-w-50\" style=\"flex:1;\"></div>\\n\n                                            <div class=\"sk sk-md sk-w-75\" style=\"flex:1;\"></div>\\n\n                                            <div class=\"sk sk-md sk-w-66\" style=\"flex:1;\"></div>\\n\n                                            <div class=\"sk sk-md sk-w-25\" style=\"flex:1;\"></div>\\n\n                    </div>\\n\n                <div class=\"skeleton-table-row\">\\n\n                                            <div class=\"sk sk-md sk-w-50\" style=\"flex:1;\"></div>\\n\n                                            <div class=\"sk sk-md sk-w-75\" style=\"flex:1;\"></div>\\n\n                                            <div class=\"sk sk-md sk-w-66\" style=\"flex:1;\"></div>\\n\n                                            <div class=\"sk sk-md sk-w-25\" style=\"flex:1;\"></div>\\n\n                    </div>\\n\n                <div class=\"skeleton-table-row\">\\n\n                                            <div class=\"sk sk-md sk-w-50\" style=\"flex:1;\"></div>\\n\n                                            <div class=\"sk sk-md sk-w-75\" style=\"flex:1;\"></div>\\n\n                                            <div class=\"sk sk-md sk-w-66\" style=\"flex:1;\"></div>\\n\n                                            <div class=\"sk sk-md sk-w-25\" style=\"flex:1;\"></div>\\n\n                    </div>\\n\n            </div>\\n\n\\n\n    \\n\n    \\n\n</div>\\n\n        </div>\\n\n            </div>\\n\n\\n\n</div>\\n\n            </div>\\n\n\\n\n\\n\n<main id=\"main-content\" class=\"d-none\">\\n\n    <div class=\"card\">\\n\n    <div class=\"card-header bg-light d-flex align-items-center justify-content-between\">\\n\n        <h5 class=\"mb-0 text-secondary\"><i class=\"bi bi-shield-lock me-2\"></i>Doctor Access Scope</h5>\\n\n        <a href=\"http://localhost/admin/roles\" class=\"btn btn-sm btn-outline-secondary\">\\n\n            <i class=\"bi bi-arrow-left me-1\"></i>Back to Permissions\\n\n        </a>\\n\n    </div>\\n\n    <div class=\"card-body\">\\n\n        <div class=\"mb-4\">\\n\n            <h6 class=\"text-uppercase text-muted small fw-semibold\">Role Name</h6>\\n\n            <p class=\"fs-5 fw-semibold mb-0\">Doctor</p>\\n\n        </div>\\n\n        <div class=\"mb-4\">\\n\n            <h6 class=\"text-uppercase text-muted small fw-semibold\">Role Identifier (Slug)</h6>\\n\n            <p class=\"font-monospace text-primary mb-0\">doctor</p>\\n\n        </div>\\n\n        <div class=\"mb-4\">\\n\n            <h6 class=\"text-uppercase text-muted small fw-semibold\">Role Description</h6>\\n\n            <p class=\"mb-0 text-secondary\">Order tests, prescriptions, surgeries, and diet requests</p>\\n\n        </div>\\n\n        <div class=\"mb-4\">\\n\n            <h6 class=\"text-uppercase text-muted small fw-semibold\">Accessible Modules</h6>\\n\n            <div>\\n\n                                                    <span class=\"badge bg-teal-soft fs-6 py-2 px-3 me-2 mb-2\" style=\"background-color: rgba(20,199,154,0.12); color: var(--signal-dark); border: 1px solid rgba(20,199,154,0.25);\">LIS</span>\\n\n                                    <span class=\"badge bg-teal-soft fs-6 py-2 px-3 me-2 mb-2\" style=\"background-color: rgba(20,199,154,0.12); color: var(--signal-dark); border: 1px solid rgba(20,199,154,0.25);\">RIS</span>\\n\n                                    <span class=\"badge bg-teal-soft fs-6 py-2 px-3 me-2 mb-2\" style=\"background-color: rgba(20,199,154,0.12); color: var(--signal-dark); border: 1px solid rgba(20,199,154,0.25);\">PMS</span>\\n\n                                    <span class=\"badge bg-teal-soft fs-6 py-2 px-3 me-2 mb-2\" style=\"background-color: rgba(20,199,154,0.12); color: var(--signal-dark); border: 1px solid rgba(20,199,154,0.25);\">SORS</span>\\n\n                                    <span class=\"badge bg-teal-soft fs-6 py-2 px-3 me-2 mb-2\" style=\"background-color: rgba(20,199,154,0.12); color: var(--signal-dark); border: 1px solid rgba(20,199,154,0.25);\">DNMS</span>\\n\n                            </div>\\n\n        </div>\\n\n        \\n\n                <div>\\n\n            <h6 class=\"text-uppercase text-muted small fw-semibold mb-1\">Specific System Capabilities</h6>\\n\n            <p class=\"text-muted small\">Inherits basic module level routing permissions.</p>\\n\n        </div>\\n\n            </div>\\n\n</div>\\n\n</main>\\n\n\\n\n\\n\n<div id=\"cardio-loader-overlay\" style=\"display: none; position: fixed; inset: 0; background: rgba(10, 31, 28, 0.45); backdrop-filter: blur(4px); z-index: 99999; align-items: center; justify-content: center; flex-direction: column;\">\\n\n    <l-cardio size=\"100\" stroke=\"6\" speed=\"2\" color=\"#14C79A\"></l-cardio>\\n\n    <div style=\"margin-top: 1rem; font-family: 'Space Grotesk', sans-serif; font-weight: 600; color: #FFFFFF; font-size: 1.1rem; letter-spacing: 0.05em;\">Loading...</div>\\n\n</div>\\n\n\\n\n\\n\n<script src=\"https://cdn.jsdelivr.net/npm/bootstrap@5.3.3/dist/js/bootstrap.bundle.min.js\"></script>\\n\n\\n\n<script>\\n\n    /* \u2500\u2500 Sidebar toggle (mobile) \u2500\u2500 */\\n\n    const sidebar  = document.getElementById('sidebar');\\n\n    const overlay  = document.getElementById('sidebar-overlay');\\n\n    const toggle   = document.getElementById('sidebarToggle');\\n\n\\n\n    function openSidebar() {\\n\n        sidebar.classList.add('show');\\n\n        overlay.classList.add('show');\\n\n        toggle && toggle.setAttribute('aria-expanded', 'true');\\n\n    }\\n\n    function closeSidebar() {\\n\n        sidebar.classList.remove('show');\\n\n        overlay.classList.remove('show');\\n\n        toggle && toggle.setAttribute('aria-expanded', 'false');\\n\n    }\\n\n    toggle?.addEventListener('click', () => {\\n\n        sidebar.classList.contains('show') ? closeSidebar() : openSidebar();\\n\n    });\\n\n\\n\n    /* \u2500\u2500 Bootstrap Toasts \u2500\u2500 */\\n\n    document.querySelectorAll('.toast').forEach(el => {\\n\n        new bootstrap.Toast(el, { delay: 1500 }).show();\\n\n    });\\n\n\\n\n    /* \u2500\u2500 Confirmation dialogs \u2500\u2500 */\\n\n    document.querySelectorAll('[data-confirm]').forEach(el => {\\n\n        el.addEventListener('click', function(e) {\\n\n            if (!confirm(this.dataset.confirm)) e.preventDefault();\\n\n        });\\n\n    });\\n\n\\n\n    /* \u2500\u2500 Live Clock \u2500\u2500 */\\n\n    (function tickClock() {\\n\n        const days   = ['Sunday','Monday','Tuesday','Wednesday','Thursday','Friday','Saturday'];\\n\n        const months = ['Jan','Feb','Mar','Apr','May','Jun','Jul','Aug','Sep','Oct','Nov','Dec'];\\n\n        function pad(n) { return String(n).padStart(2, '0'); }\\n\n        function update() {\\n\n            const now  = new Date();\\n\n            const day  = days[now.getDay()];\\n\n            const date = now.getDate();\\n\n            const mon  = months[now.getMonth()];\\n\n            const yr   = now.getFullYear();\\n\n            let   h    = now.getHours();\\n\n            const m    = pad(now.getMinutes());\\n\n            const s    = pad(now.getSeconds());\\n\n            const ampm = h >= 12 ? 'PM' : 'AM';\\n\n            h = h % 12 || 12;\\n\n            const dateEl = document.getElementById('topbar-date');\\n\n            const timeEl = document.getElementById('topbar-time');\\n\n            if (dateEl) dateEl.textContent = `${day}, ${mon} ${date}, ${yr}`;\\n\n            if (timeEl) timeEl.textContent = `${pad(h)}:${m}:${s} ${ampm}`;\\n\n        }\\n\n        update();\\n\n        setInterval(update, 1000);\\n\n    })();\\n\n</script>\\n\n\\n\n\\n\n<script src=\"http://localhost/js/skeleton.js\"></script>\\n\n\\n\n\\n\n<script>\\n\n    document.addEventListener('DOMContentLoaded', function () {\\n\n        const intro = document.getElementById('page-intro-skeleton');\\n\n        const main = document.getElementById('main-content');\\n\n        if (intro && main) {\\n\n            // Check if page was loaded after a button click/form submission\\n\n            if (sessionStorage.getItem('submitted_form') === 'true') {\\n\n                sessionStorage.removeItem('submitted_form');\\n\n                intro.remove();\\n\n                main.classList.remove('d-none');\\n\n            } else {\\n\n                setTimeout(function() {\\n\n                    intro.style.transition = 'opacity 0.25s ease, transform 0.25s ease';\\n\n                    intro.style.opacity = '0';\\n\n                    intro.style.transform = 'translateY(-10px)';\\n\n                    setTimeout(function() {\\n\n                        intro.remove();\\n\n                        main.classList.remove('d-none');\\n\n                        main.style.animation = 'sk-fade-in 0.3s ease-out forwards';\\n\n                    }, 250);\\n\n                }, 300);\\n\n            }\\n\n        }\\n\n    });\\n\n</script>\\n\n\\n\n\\n\n<script type=\"module\">\\n\n    import { cardio } from 'https://cdn.jsdelivr.net/npm/ldrs/+esm';\\n\n    cardio.register();\\n\n</script>\\n\n<script>\\n\n    document.addEventListener('submit', function (e) {\\n\n        if (e.defaultPrevented) return;\\n\n        const btn = e.target.querySelector('button[type=\"submit\"], input[type=\"submit\"]');\\n\n        if (btn) {\\n\n            sessionStorage.setItem('submitted_form', 'true');\\n\n            const overlay = document.getElementById('cardio-loader-overlay');\\n\n            if (overlay) {\\n\n                overlay.style.display = 'flex';\\n\n            }\\n\n            setTimeout(() => { btn.disabled = true; }, 10);\\n\n        }\\n\n    });\\n\n\\n\n    // Intercept clicks on links styled as .btn that trigger navigation\\n\n    document.addEventListener('click', function (e) {\\n\n        const link = e.target.closest('a');\\n\n        if (link && link.classList.contains('btn') && !link.hasAttribute('data-bs-toggle') && link.getAttribute('href') && link.getAttribute('href') !== '#') {\\n\n            sessionStorage.setItem('submitted_form', 'true');\\n\n            const overlay = document.getElementById('cardio-loader-overlay');\\n\n            if (overlay) {\\n\n                overlay.style.display = 'flex';\\n\n            }\\n\n        }\\n\n    });\\n\n</script>\\n\n\\n\n</body>\\n\n</html>\\n\n' [UTF-8](length: 56245) contains \"LIS, RIS, PMS, SORS, DNMS\" [ASCII](length: 25)."}]}
