<?xml version="1.0" encoding="UTF-8"?>
<testsuites>
  <testsuite name="Tests\Feature\Auth\AuthenticationTest" file="C:\Users\Jhonl\OneDrive\Desktop\DITC\tests\Feature\Auth\AuthenticationTest.php" tests="4" assertions="8" errors="0" failures="1" skipped="0" time="0.678738">
    <testcase name="test_login_screen_can_be_rendered" file="C:\Users\Jhonl\OneDrive\Desktop\DITC\tests\Feature\Auth\AuthenticationTest.php" line="13" class="Tests\Feature\Auth\AuthenticationTest" classname="Tests.Feature.Auth.AuthenticationTest" assertions="1" time="0.370080"/>
    <testcase name="test_users_can_authenticate_using_the_login_screen" file="C:\Users\Jhonl\OneDrive\Desktop\DITC\tests\Feature\Auth\AuthenticationTest.php" line="20" class="Tests\Feature\Auth\AuthenticationTest" classname="Tests.Feature.Auth.AuthenticationTest" assertions="3" time="0.055223"/>
    <testcase name="test_users_can_not_authenticate_with_invalid_password" file="C:\Users\Jhonl\OneDrive\Desktop\DITC\tests\Feature\Auth\AuthenticationTest.php" line="33" class="Tests\Feature\Auth\AuthenticationTest" classname="Tests.Feature.Auth.AuthenticationTest" assertions="1" time="0.231999"/>
    <testcase name="test_users_can_logout" file="C:\Users\Jhonl\OneDrive\Desktop\DITC\tests\Feature\Auth\AuthenticationTest.php" line="45" class="Tests\Feature\Auth\AuthenticationTest" classname="Tests.Feature.Auth.AuthenticationTest" assertions="3" time="0.021436">
      <failure type="PHPUnit\Framework\ExpectationFailedException">Tests\Feature\Auth\AuthenticationTest::test_users_can_logout&#13;
Failed asserting that two strings are equal.
--- Expected
+++ Actual
@@ @@
-'http://localhost'
+'http://localhost/login'
&#13;
C:\Users\Jhonl\OneDrive\Desktop\DITC\vendor\laravel\framework\src\Illuminate\Testing\TestResponseAssert.php:45
C:\Users\Jhonl\OneDrive\Desktop\DITC\vendor\laravel\framework\src\Illuminate\Testing\TestResponse.php:433
C:\Users\Jhonl\OneDrive\Desktop\DITC\vendor\laravel\framework\src\Illuminate\Testing\TestResponse.php:207
C:\Users\Jhonl\OneDrive\Desktop\DITC\tests\Feature\Auth\AuthenticationTest.php:52</failure>
    </testcase>
  </testsuite>
</testsuites>
